<div ui-view="page_body">
    <div class="row">
        <div class="col-md-12">
            <div class="portlet box green">
                <div class="portlet-title">
                    <div class="caption">
                        <i class="fa fa-comments"></i>List
                    </div>
                </div>
                <div class="portlet-body">
                    <div class="alert {{vm.response.success}}" ng-if="vm.response.msg">
                        <strong>{{vm.response.alert}}</strong> {{vm.response.msg}}
                    </div>
                    <div class="table-scrollable" ng-if="!vm.isDealEmpty">
                        <table class="table table-striped table-hover">
                            <thead>
                                <tr>
                                    <th> Name </th>
                                    <th> Status </th>
                                    <th> Link </th>
                                    <th> Price </th>
                                    <th> Action </th>
                                </tr>
                            </thead>
                            <tbody>
                                <tr ng-repeat="deal in vm.deals" ng-show="vm.isLoading == false">
                                    <td ng-bind="deal.name"></td>
                                    <td ng-bind="deal.status" style="text-transform: capitalize;"></td>
                                    <td>
                                        <a href="{{deal.link}}" ng-bind="deal.link" target="_blank"></a>
                                    </td>
                                    <td ng-bind="deal.price | toCurrencyFormat"></td>
                                    <td>
                                        <a href="javascript:;" ng-click="vm.publishDeal($event.currentTarget, deal)" data-spinner-color="#e7505a" class="btn btn-outline btn-circle btn-sm green">
                                            Publish
                                        </a>
                                    </td>
                                </tr>
                                <tr ng-show="!vm.isLoading && vm.deals.length == 0">
                                    <td colspan="5">
                                        <div class="text-center">
                                            <h3>No approved {{ vm.filterDealType == 'upsell' ? 'upsell' : 'deal' }}s</h3>
                                        </div>
                                    </td>
                                </tr>
                                <tr ng-show="vm.isLoading">
                                    <td colspan="5">
                                        <ng-include src="'/app/common/loading.html'"></ng-include>
                                    </td>
                                </tr>
                            </tbody>
                        </table>
                    </div>
                </div>
            </div>
        </div>
    </div>
</div>
